
  This is a debugging console for the Klipper micro-controller.
  In addition to mcu commands, the following artificial commands are
  available:
    DELAY : Send a command at a clock time (eg, "DELAY 9999 get_uptime")
    FLOOD : Send a command many times (eg, "FLOOD 22 .01 get_uptime")
    SUPPRESS : Suppress a response message (eg, "SUPPRESS analog_in_state 4")
    SET   : Create a local variable (eg, "SET myvar 123.4")
    DUMP  : Dump memory (eg, "DUMP 0x12345678 100 32")
    FILEDUMP : Dump to file (eg, "FILEDUMP data.bin 0x12345678 100 32")
    STATS : Report serial statistics
    LIST  : List available mcu commands, local commands, and local variables
    HELP  : Show this text
  All commands also support evaluation by enclosing an expression in { }.
  For example, "reset_step_clock oid=4 clock={clock + freq}".  In addition
  to user defined variables (via the SET command) the following builtin
  variables may be used in expressions:
    clock : The current mcu clock time (as estimated by the host)
    freq  : The mcu clock frequency

==================== attempting to connect ====================
INFO:root:Starting serial connect
Loaded 119 commands (33b24213-dirty-20260807_105456-build-host / gcc: (crosstool-NG esp-14.2.0_20241119) 14.2.0 binutils: (crosstool-NG esp-14.2.0_20241119) 2.43.1)
MCU config: ADC_MAX=3300 CLOCK_FREQ=240000000 MCU=esp32 PWM_MAX=255 RECEIVE_WINDOW=192 SERIAL_BAUD=250000 STATS_SUMSQ_BASE=256 STEPPER_OPTIMIZED_EDGE=30 STEPPER_STEP_BOTH_EDGE=1
====================       connected       ====================
005.434: stats count=153 sum=495647 sumsq=8743485
Eval: SET start_clock 2045317106
Eval: reset_step_clock oid=0 clock=2045317106
Eval: queue_step oid=0 interval=500 count=60000 add=0
Eval: reset_step_clock oid=1 clock=2045317106
Eval: queue_step oid=1 interval=500 count=60000 add=0
Eval: reset_step_clock oid=2 clock=2045317106
Eval: queue_step oid=2 interval=500 count=60000 add=0
008.967: shutdown clock=2047984996 static_string_id=Rescheduled timer in the past
015.173: stats count=63 sum=55152 sumsq=252904
INFO:root:Resetting prediction variance 3000196.826: freq=240002134 diff=1957582114 stddev=179980.700
020.273: stats count=56 sum=49892 sumsq=240811
INFO:root:Resetting prediction variance 3000197.810: freq=311428033 diff=586837050 stddev=240000.000
INFO:root:Resetting prediction variance 3000198.794: freq=324702074 diff=249415452 stddev=240000.000
INFO:root:Resetting prediction variance 3000199.778: freq=328822634 diff=79408036 stddev=240000.000
INFO:root:Resetting prediction variance 3000200.762: freq=329861846 diff=-30757469 stddev=240000.000
INFO:root:Resetting prediction variance 3000201.746: freq=329527139 diff=-111559173 stddev=240000.000
025.273: stats count=55 sum=49195 sumsq=238956
INFO:root:Resetting prediction variance 3000202.729: freq=328484604 diff=-175037583 stddev=240000.000
INFO:root:Resetting prediction variance 3000203.713: freq=327047293 diff=-227014300 stddev=240000.000
INFO:root:Resetting prediction variance 3000204.697: freq=325380992 diff=-270684863 stddev=240000.000
INFO:root:Resetting prediction variance 3000205.681: freq=323581222 diff=-307962942 stddev=240000.000
INFO:root:Resetting prediction variance 3000206.665: freq=321706632 diff=-340138248 stddev=240000.000
030.373: stats count=56 sum=49834 sumsq=239666
INFO:root:Resetting prediction variance 3000207.649: freq=319794707 diff=-368057024 stddev=240000.000
INFO:root:Resetting prediction variance 3000208.633: freq=317870476 diff=-392405905 stddev=240000.000
